// Jest Snapshot v1, https://goo.gl/fbAQLP

exports[`Product DTO mapping 1`] = `
Basket {
  "items": Array [
    BasketItem {
      "id": 1,
      "price": 0,
      "quantity": 10,
      "total": 0,
    },
    BasketItem {
      "id": 2,
      "price": 0,
      "quantity": 10,
      "total": 0,
    },
  ],
  "totalPrice": 0,
}
`;
